// Jest Snapshot v1, https://goo.gl/fbAQLP

exports[`Pruebas en <GiftItem /> debe de hacer match con el snapshot 1`] = `
<div>
  <div
    class="card"
  >
    <img
      alt="Título"
      src="https://cualquier/url.jpg"
    />
    <p>
      Título
    </p>
  </div>
</div>
`;
